
anany@ANANYAKINI MINGW64 ~/OneDrive/Desktop/college/S48_Clumsiness-Catalog (main)
$ git init
Reinitialized existing Git repository in C:/Users/anany/OneDrive/Desktop/college/S48_Clumsiness-Catalog/.git/

anany@ANANYAKINI MINGW64 ~/OneDrive/Desktop/college/S48_Clumsiness-Catalog (main)
$ git branch

anany@ANANYAKINI MINGW64 ~/OneDrive/Desktop/college/S48_Clumsiness-Catalog (main)
$ git branch -av

anany@ANANYAKINI MINGW64 ~/OneDrive/Desktop/college/S48_Clumsiness-Catalog (main)
$ git add .

anany@ANANYAKINI MINGW64 ~/OneDrive/Desktop/college/S48_Clumsiness-Catalog (main)
$ git commit -m "added readme file"
[main (root-commit) 6bc9bee] added readme file
 1 file changed, 0 insertions(+), 0 deletions(-)
 create mode 100644 Readme.md

anany@ANANYAKINI MINGW64 ~/OneDrive/Desktop/college/S48_Clumsiness-Catalog (main)
$ git push 
Enumerating objects: 3, done.
Counting objects: 100% (3/3), done.
Writing objects: 100% (3/3), 215 bytes | 215.00 KiB/s, done.
Total 3 (delta 0), reused 0 (delta 0), pack-reused 0
To https://github.com/kalviumcommunity/S48_Clumsiness-Catalog.git
 * [new branch]      main -> main

anany@ANANYAKINI MINGW64 ~/OneDrive/Desktop/college/S48_Clumsiness-Catalog (main)
$ git checkout -b workingBranch
Switched to a new branch 'workingBranch'

anany@ANANYAKINI MINGW64 ~/OneDrive/Desktop/college/S48_Clumsiness-Catalog (workingBranch)
$ git add .

anany@ANANYAKINI MINGW64 ~/OneDrive/Desktop/college/S48_Clumsiness-Catalog (workingBranch)
$ git commit -m "initial commit"
[workingBranch 711640c] initial commit
 1 file changed, 1 insertion(+)

anany@ANANYAKINI MINGW64 ~/OneDrive/Desktop/college/S48_Clumsiness-Catalog (workingBranch)
$ git push
fatal: The current branch workingBranch has no upstream branch.
To push the current branch and set the remote as upstream, use

    git push --set-upstream origin workingBranch

To have this happen automatically for branches without a tracking
upstream, see 'push.autoSetupRemote' in 'git help config'.


anany@ANANYAKINI MINGW64 ~/OneDrive/Desktop/college/S48_Clumsiness-Catalog (workingBranch)
$ git push --set-upstream workingBranch
fatal: 'workingBranch' does not appear to be a git repository
fatal: Could not read from remote repository.

Please make sure you have the correct access rights
and the repository exists.

anany@ANANYAKINI MINGW64 ~/OneDrive/Desktop/college/S48_Clumsiness-Catalog (workingBranch)
$ git push --set-upstream origin workingBranch
Enumerating objects: 5, done.
Counting objects: 100% (5/5), done.
Delta compression using up to 12 threads
Compressing objects: 100% (2/2), done.
Writing objects: 100% (3/3), 304 bytes | 304.00 KiB/s, done.
Total 3 (delta 0), reused 0 (delta 0), pack-reused 0
remote: 
remote: Create a pull request for 'workingBranch' on GitHub by visiting:
remote:      https://github.com/kalviumcommunity/S48_Clumsiness-Catalog/pull/new/workingBranch
remote:
To https://github.com/kalviumcommunity/S48_Clumsiness-Catalog.git
 * [new branch]      workingBranch -> workingBranch
branch 'workingBranch' set up to track 'origin/workingBranch'.

anany@ANANYAKINI MINGW64 ~/OneDrive/Desktop/college/S48_Clumsiness-Catalog (workingBranch)
$